// Jest Snapshot v1, https://goo.gl/fbAQLP

exports[`renders correctly 1`] = `
<h1
  onClick={[Function]}
>
  Hello Jest1!
</h1>
`;
